ASxxxx Linker V03.00 + NoICE + sdld,  page 1.
Hexadecimal  [32-Bits]

Area                                    Addr        Size        Decimal Bytes (Attributes)
--------------------------------        ----        ----        ------- ----- ------------
.  .ABS.                            00000000    00000000 =           0. bytes (ABS,CON)

      Value  Global                              Global Defined In Module
      -----  --------------------------------   ------------------------
     00000000  .__.ABS.                           
     00000000  _g_SUBRID                          bios
     00000000  l__BSEG                         
     00000000  l__BSS                          
     00000000  l__CABS                         
     00000000  l__DABS                         
     00000000  l__GSFINAL                      
     00000000  l__HEADER                       
     00000000  l__HEADER0                      
     00000000  l__HEAP                         
     00000000  l__HOME                         
     00000000  l__RODATA                       
     00000000  l__SEG105                       
     00000000  l__SEG14                        
     00000000  s__CABS                         
     00000000  s__DABS                         
     00000000  s__HEADER                       
     00000000  s__HEADER0                      
     00000002  _g_STRSRC                          bios
     00000004  _g_CGTABL                          system
     00000006  _g_VDP_DR                          system
     00000007  _g_VDP_DW                          system
     00000010  l__GSINIT                       
     0000002B  _g_BASRVN                          system
     0000002B  _g_ROMVersion                      system
     0000002D  _g_MSXVER                          system
     0000002E  _g_MSXMID                          system
     00000034  _g_CHAR_16                         system
     0000006B  l__INITIALIZED                  
     0000006B  l__INITIALIZER                  
     000000C6  l__SEG11                        
     000000D0  l__SEG8                         
     00000262  l__SEG7                         
     0000046E  l__DATA                         
     00000582  l__SEG10                        
     00000779  l__SEG20                        
     0000084D  l__SEG13                        
     000008A4  l__SEG91                        
     000008E0  l__SEG6                         
     000008F4  l__SEG103                       
     00000957  l__SEG19                        
     00000961  l__SEG18                        
     00000C4F  l__SEG23                        
     00000CB4  l__SEG16                        
     00000D5C  l__SEG12                        
     00000DF8  l__SEG5                         
     0000121C  l__SEG22                        
     000012E3  l__SEG4                         
     00001320  l__SEG99                        
     00001400  l__SEG56                        
ASxxxx Linker V03.00 + NoICE + sdld,  page 2.
Hexadecimal  [32-Bits]

Area                                    Addr        Size        Decimal Bytes (Attributes)
--------------------------------        ----        ----        ------- ----- ------------
.  .ABS.                            00000000    00000000 =           0. bytes (ABS,CON)

      Value  Global                              Global Defined In Module
      -----  --------------------------------   ------------------------
     00001400  l__SEG63                        
     00001400  l__SEG70                        
     00001400  l__SEG77                        
     0000159A  l__SEG101                       
     000015A5  l__SEG104                       
     000015D9  l__SEG93                        
     0000176A  l__SEG97                        
     000017E8  l__SEG17                        
     00001CDB  l__SEG21                        
     00001CEB  l__SEG9                         
     00001D77  l__SEG15                        
     00001DB0  l__SEG95                        
     00002000  l__SEG100                       
     00002000  l__SEG102                       
     00002000  l__SEG50                        
     00002000  l__SEG51                        
     00002000  l__SEG52                        
     00002000  l__SEG53                        
     00002000  l__SEG54                        
     00002000  l__SEG55                        
     00002000  l__SEG57                        
     00002000  l__SEG58                        
     00002000  l__SEG59                        
     00002000  l__SEG60                        
     00002000  l__SEG61                        
     00002000  l__SEG62                        
     00002000  l__SEG64                        
     00002000  l__SEG65                        
     00002000  l__SEG66                        
     00002000  l__SEG67                        
     00002000  l__SEG68                        
     00002000  l__SEG69                        
     00002000  l__SEG71                        
     00002000  l__SEG72                        
     00002000  l__SEG73                        
     00002000  l__SEG74                        
     00002000  l__SEG75                        
     00002000  l__SEG76                        
     00002000  l__SEG90                        
     00002000  l__SEG92                        
     00002000  l__SEG94                        
     00002000  l__SEG96                        
     00002000  l__SEG98                        
     000039EF  l__CODE                         
     00004000  s__CODE                         
     000079EF  s__HOME                         
     000079EF  s__INITIALIZER                  
     000079EF  s__RODATA                       
     00007A5A  s__GSINIT                       
     00007A6A  s__GSFINAL                      
     0000C000  s__DATA                         
ASxxxx Linker V03.00 + NoICE + sdld,  page 3.
Hexadecimal  [32-Bits]

Area                                    Addr        Size        Decimal Bytes (Attributes)
--------------------------------        ----        ----        ------- ----- ------------
.  .ABS.                            00000000    00000000 =           0. bytes (ABS,CON)

      Value  Global                              Global Defined In Module
      -----  --------------------------------   ------------------------
     0000C46E  s__INITIALIZED                  
     0000C4D9  s__BSEG                         
     0000C4D9  s__BSS                          
     0000C4D9  s__HEAP                         
     0000F30F  _g_KANJTABLE                       bios
     0000F323  _g_DISKVE                          bios
     0000F325  _g_BREAKV                          bios
     0000F341  _g_RAMAD0                          bios
     0000F342  _g_RAMAD1                          bios
     0000F343  _g_RAMAD2                          bios
     0000F344  _g_RAMAD3                          bios
     0000F348  _g_MASTER                          bios
     0000F37D  _g_BDOS                            bios
     0000F380  _g_RDPRIM                          system
     0000F385  _g_WRPRIM                          system
     0000F38C  _g_CLPRIM                          system
     0000F39A  _g_USRTAB                          system
     0000F3AE  _g_LINL40                          system
     0000F3AF  _g_LINL32                          system
     0000F3B0  _g_LINLEN                          system
     0000F3B1  _g_CRTCNT                          system
     0000F3B2  _g_CLMLST                          system
     0000F3B3  _g_TXTNAM                          system
     0000F3B5  _g_TXTCOL                          system
     0000F3B7  _g_TXTCGP                          system
     0000F3B9  _g_TXTATR                          system
     0000F3BB  _g_TXTPAT                          system
     0000F3BD  _g_T32NAM                          system
     0000F3BF  _g_T32COL                          system
     0000F3C1  _g_T32CGP                          system
     0000F3C3  _g_T32ATR                          system
     0000F3C5  _g_T32PAT                          system
     0000F3C7  _g_GRPNAM                          system
     0000F3C9  _g_GRPCOL                          system
     0000F3CB  _g_GRPCGP                          system
     0000F3CD  _g_GRPATR                          system
     0000F3CF  _g_GRPPAT                          system
     0000F3D1  _g_MLTNAM                          system
     0000F3D3  _g_MLTCOL                          system
     0000F3D5  _g_MLTCGP                          system
     0000F3D7  _g_MLTATR                          system
     0000F3D9  _g_MLTPAT                          system
     0000F3DB  _g_CLIKSW                          system
     0000F3DC  _g_CSRY                            system
     0000F3DD  _g_CSRX                            system
     0000F3DE  _g_CNSDFG                          system
     0000F3DF  _g_RG0SAV                          system
     0000F3E0  _g_RG1SAV                          system
     0000F3E1  _g_RG2SAV                          system
     0000F3E2  _g_RG3SAV                          system
     0000F3E3  _g_RG4SAV                          system
ASxxxx Linker V03.00 + NoICE + sdld,  page 4.
Hexadecimal  [32-Bits]

Area                                    Addr        Size        Decimal Bytes (Attributes)
--------------------------------        ----        ----        ------- ----- ------------
.  .ABS.                            00000000    00000000 =           0. bytes (ABS,CON)

      Value  Global                              Global Defined In Module
      -----  --------------------------------   ------------------------
     0000F3E4  _g_RG5SAV                          system
     0000F3E5  _g_RG6SAV                          system
     0000F3E6  _g_RG7SAV                          system
     0000F3E7  _g_STATFL                          system
     0000F3E8  _g_TRGFLG                          system
     0000F3E9  _g_FORCLR                          system
     0000F3EA  _g_BAKCLR                          system
     0000F3EB  _g_BDRCLR                          system
     0000F3EC  _g_MAXUPD                          system
     0000F3EF  _g_MINUPD                          system
     0000F3F2  _g_ATRBYT                          system
     0000F3F3  _g_QUEUES                          system
     0000F3F5  _g_FRCNEW                          system
     0000F3F6  _g_SCNCNT                          system
     0000F3F7  _g_REPCNT                          system
     0000F3F8  _g_PUTPNT                          system
     0000F3FA  _g_GETPNT                          system
     0000F3FC  _g_CS120                           system
     0000F401  _g_CS240                           system
     0000F406  _g_LOW                             system
     0000F408  _g_HIGH                            system
     0000F40A  _g_HEADER                          system
     0000F40B  _g_ASPCT1                          system
     0000F40D  _g_ASPCT2                          system
     0000F87F  _g_FNKSTR                          system
     0000F92A  _g_CLOC                            system
     0000F92C  _g_CMASK                           system
     0000F959  _g_QUETAB                          system
     0000F971  _g_QUEBAK                          system
     0000F975  _g_VOICAQ                          system
     0000F9F5  _g_VOICBQ                          system
     0000FA75  _g_VOICCQ                          system
     0000FAF5  _g_DPPAGE                          system
     0000FAF5  _g_RS2IQ                           system
     0000FAF6  _g_ACPAGE                          system
     0000FAF7  _g_AVCSAV                          system
     0000FAF8  _g_EXBRSA                          system
     0000FAF9  _g_CHRCNT                          system
     0000FAFA  _g_ROMA                            system
     0000FAFC  _g_MODE                            system
     0000FAFD  _g_NORUSE                          system
     0000FAFE  _g_XSAVE                           system
     0000FB00  _g_YSAVE                           system
     0000FB02  _g_LOGOPR                          system
     0000FB03  _g_RSTMP                           system
     0000FB03  _g_TOCNT                           system
     0000FB04  _g_RSFCB                           system
     0000FB06  _g_RSIQLN                          system
     0000FB07  _g_MEXBIh                          system
     0000FB0C  _g_OLDINT                          system
     0000FB0C  _g_OLDSTT                          system
ASxxxx Linker V03.00 + NoICE + sdld,  page 5.
Hexadecimal  [32-Bits]

Area                                    Addr        Size        Decimal Bytes (Attributes)
--------------------------------        ----        ----        ------- ----- ------------
.  .ABS.                            00000000    00000000 =           0. bytes (ABS,CON)

      Value  Global                              Global Defined In Module
      -----  --------------------------------   ------------------------
     0000FB16  _g_DEVNUM                          system
     0000FB17  _g_DATCNT                          system
     0000FB1A  _g_ERRORS                          system
     0000FB1B  _g_FLAGS                           system
     0000FB1C  _g_ESTBLS                          system
     0000FB1D  _g_COMMSK                          system
     0000FB1E  _g_LSTCOM                          system
     0000FB1F  _g_LSTMOD                          system
     0000FB35  _g_PRSCNT                          system
     0000FB36  _g_SAVSP                           system
     0000FB38  _g_VOICEN                          system
     0000FB39  _g_SAVVOL                          system
     0000FB3B  _g_MCLLEN                          system
     0000FB3C  _g_MCLPTR                          system
     0000FB3E  _g_QUEUEN                          system
     0000FB3F  _g_MUSICF                          system
     0000FB40  _g_PLYCNT                          system
     0000FB41  _g_VCBA                            system
     0000FB66  _g_VCBB                            system
     0000FB8B  _g_VCBC                            system
     0000FBB0  _g_ENSTOP                          system
     0000FBB1  _g_BASROM                          system
     0000FBB2  _g_LINTTB                          system
     0000FBCA  _g_FSTPOS                          system
     0000FBCC  _g_CODSAV                          system
     0000FBCD  _g_FNKSWI                          system
     0000FBCE  _g_FNKFLG                          system
     0000FBD8  _g_ONGSBF                          system
     0000FBD9  _g_CLIKFL                          system
     0000FBDA  _g_OLDKEY                          system
     0000FBE5  _g_NEWKEY                          system
     0000FBF0  _g_KEYBUF                          system
     0000FC18  _g_LINWRK                          system
     0000FC40  _g_PATWRK                          system
     0000FC48  _g_BOTTOM                          system
     0000FC4A  _g_HIMEM                           system
     0000FC4C  _g_TRPTBL                          system
     0000FC9A  _g_RTYCNT                          system
     0000FC9B  _g_INTFLG                          system
     0000FC9C  _g_PADY                            system
     0000FC9D  _g_PADX                            system
     0000FC9E  _g_JIFFY                           system
     0000FCA0  _g_INTVAL                          system
     0000FCA2  _g_INTCNT                          system
     0000FCA4  _g_LOWLIM                          system
     0000FCA5  _g_WINWID                          system
     0000FCA6  _g_GRPHED                          system
     0000FCA7  _g_ESCCNT                          system
     0000FCA8  _g_INSFLG                          system
     0000FCA9  _g_CSRSW                           system
     0000FCAA  _g_CSTYLE                          system
ASxxxx Linker V03.00 + NoICE + sdld,  page 6.
Hexadecimal  [32-Bits]

Area                                    Addr        Size        Decimal Bytes (Attributes)
--------------------------------        ----        ----        ------- ----- ------------
.  .ABS.                            00000000    00000000 =           0. bytes (ABS,CON)

      Value  Global                              Global Defined In Module
      -----  --------------------------------   ------------------------
     0000FCAB  _g_CAPST                           system
     0000FCAC  _g_KANAST                          system
     0000FCAD  _g_KANAMD                          system
     0000FCAE  _g_FLBMEM                          system
     0000FCAF  _g_SCRMOD                          system
     0000FCB0  _g_OLDSCR                          system
     0000FCB1  _g_CASPRV                          system
     0000FCB2  _g_BRDATR                          system
     0000FCB3  _g_GXPOS                           system
     0000FCB5  _g_GYPOS                           system
     0000FCB7  _g_GRPACX                          system
     0000FCB9  _g_GRPACY                          system
     0000FCBB  _g_DRWFLG                          system
     0000FCBC  _g_DRWSCL                          system
     0000FCBD  _g_DRWANG                          system
     0000FCC1  _g_EXPTBL                          system
     0000FCC1  _g_MNROM                           system
     0000FCC5  _g_SLTTBL                          system
     0000FCC9  _g_SLTATR                          system
     0000FD09  _g_SLTWRK                          system
     0000FD89  _g_PROCNM                          system
     0000FFE7  _g_RG08SAV                         system
     0000FFE8  _g_RG09SAV                         system
     0000FFE9  _g_RG10SAV                         system
     0000FFEA  _g_RG11SAV                         system
     0000FFEB  _g_RG12SAV                         system
     0000FFEC  _g_RG13SAV                         system
     0000FFED  _g_RG14SAV                         system
     0000FFEE  _g_RG15SAV                         system
     0000FFEF  _g_RG16SAV                         system
     0000FFF0  _g_RG17SAV                         system
     0000FFF1  _g_RG18SAV                         system
     0000FFF2  _g_RG19SAV                         system
     0000FFF3  _g_RG20SAV                         system
     0000FFF4  _g_RG21SAV                         system
     0000FFF5  _g_RG22SAV                         system
     0000FFF6  _g_RG23SAV                         system
     0000FFF7  _g_MINROM                          system
     0000FFF8  _g_SVFFF8                          system
     0000FFFA  _g_RG25SAV                         system
     0000FFFB  _g_RG26SAV                         system
     0000FFFC  _g_RG27SAV                         system
     0000FFFD  _g_SVFFFD                          system
     0000FFFF  _g_SLTSL                           system
     0004A000  s__SEG4                         
     0005A000  s__SEG5                         
     0006A000  s__SEG6                         
     0007A000  s__SEG7                         
     0008A000  s__SEG8                         
     0009A000  s__SEG9                         
     000AA000  s__SEG10                        
ASxxxx Linker V03.00 + NoICE + sdld,  page 7.
Hexadecimal  [32-Bits]

Area                                    Addr        Size        Decimal Bytes (Attributes)
--------------------------------        ----        ----        ------- ----- ------------
.  .ABS.                            00000000    00000000 =           0. bytes (ABS,CON)

      Value  Global                              Global Defined In Module
      -----  --------------------------------   ------------------------
     000BA000  s__SEG11                        
     000CA000  s__SEG12                        
     000DA000  s__SEG13                        
     000EA000  s__SEG14                        
     000FA000  s__SEG15                        
     0010A000  s__SEG16                        
     0011A000  s__SEG17                        
     0012A000  s__SEG18                        
     0013A000  s__SEG19                        
     0014A000  s__SEG20                        
     0015A000  s__SEG21                        
     0016A000  s__SEG22                        
     0017A000  s__SEG23                        
     0032A000  s__SEG50                        
     0033A000  s__SEG51                        
     0034A000  s__SEG52                        
     0035A000  s__SEG53                        
     0036A000  s__SEG54                        
     0037A000  s__SEG55                        
     0038A000  s__SEG56                        
     0039A000  s__SEG57                        
     003AA000  s__SEG58                        
     003BA000  s__SEG59                        
     003CA000  s__SEG60                        
     003DA000  s__SEG61                        
     003EA000  s__SEG62                        
     003FA000  s__SEG63                        
     0040A000  s__SEG64                        
     0041A000  s__SEG65                        
     0042A000  s__SEG66                        
     0043A000  s__SEG67                        
     0044A000  s__SEG68                        
     0045A000  s__SEG69                        
     0046A000  s__SEG70                        
     0047A000  s__SEG71                        
     0048A000  s__SEG72                        
     0049A000  s__SEG73                        
     004AA000  s__SEG74                        
     004BA000  s__SEG75                        
     004CA000  s__SEG76                        
     004DA000  s__SEG77                        
     005AA000  s__SEG90                        
     005BA000  s__SEG91                        
     005CA000  s__SEG92                        
     005DA000  s__SEG93                        
     005EA000  s__SEG94                        
     005FA000  s__SEG95                        
     0060A000  s__SEG96                        
     0061A000  s__SEG97                        
     0062A000  s__SEG98                        
     0063A000  s__SEG99                        
ASxxxx Linker V03.00 + NoICE + sdld,  page 8.
Hexadecimal  [32-Bits]

Area                                    Addr        Size        Decimal Bytes (Attributes)
--------------------------------        ----        ----        ------- ----- ------------
.  .ABS.                            00000000    00000000 =           0. bytes (ABS,CON)

      Value  Global                              Global Defined In Module
      -----  --------------------------------   ------------------------
     0064A000  s__SEG100                       
     0065A000  s__SEG101                       
     0066A000  s__SEG102                       
     0067A000  s__SEG103                       
     0068A000  s__SEG104                       
     0069A000  s__SEG105                       

ASxxxx Linker V03.00 + NoICE + sdld,  page 9.
Hexadecimal  [32-Bits]

Area                                    Addr        Size        Decimal Bytes (Attributes)
--------------------------------        ----        ----        ------- ----- ------------
_CODE                               00004000    000039EF =       14831. bytes (REL,CON)

      Value  Global                              Global Defined In Module
      -----  --------------------------------   ------------------------
     00004000  _g_FirstAddr                       crt0
     00004000  _g_HeaderAddr                      crt0
     00004000  crt0_rom_header                    crt0
     00004018  _g_AppSignature                    crt0
     0000402B  crt0_p1_to_p2                      crt0
     0000408B  _CallFnc_VOID                      soccerlg
     000042DA  _g_Palette                         soccerlg
     0000441A  _g_TeamColorsArray                 soccerlg
     0000443E  _g_TeamStatsArray                  soccerlg
     0000446E  _CallFnc_VOID_P1                   soccerlg
     000044C2  _CallFnc_VOID_3PTR                 soccerlg
     00004532  _CallFnc_VOID_3PTR_U16             soccerlg
     000045AE  _CallFnc_VOID_U8U16U16             soccerlg
     0000461A  _CallFnc_VOID_P2                   soccerlg
     00004673  _CallFnc_VOID_16_P1                soccerlg
     000046CC  _CallFnc_VOID_16_P2                soccerlg
     00004734  _CallFnc_U8                        soccerlg
     00004785  _CallFnc_U8_P1                     soccerlg
     000047DB  _CallFnc_U16_P1                    soccerlg
     0000482F  _CallFnc_U16_P3                    soccerlg
     0000488E  _CallFnc_U16_P4                    soccerlg
     000048EF  _CallFnc_U16_P4B                   soccerlg
     00004950  _CallFnc_U8_P2                     soccerlg
     000049AB  _CallFnc_BOOL                      soccerlg
     000049FC  _CallFnc_BOOL_P1                   soccerlg
     00004A52  _CallFnc_VOID_U8U8                 soccerlg
     00004AAB  _PlaySCC                           soccerlg
     00004AC8  _PlaySCCLoop                       soccerlg
     00004AE5  _PlaySCCThenCrowd                  soccerlg
     00004B0C  _PlaySCCEvent                      soccerlg
     00004B46  _PlaySounds                        soccerlg
     00004B49  _SplashScreenLoad                  soccerlg
     00004C60  _ShowMenu                          soccerlg
     0000537B  _ShowHelpScreen                    soccerlg
     000054C4  _MenuScreenLoad                    soccerlg
     000055D3  _MenuGrayScreenLoad                soccerlg
     000056C9  _SetTeamColors                     soccerlg
     00005724  _AddLines                          soccerlg
     0000593E  _CallSpriteFrame                   soccerlg
     00005983  SpriteFrame                        soccerlg
     000059B7  _VSyncCallback                     soccerlg
     00005A2C  _dummy                             soccerlg
     00005A34  _WaitForVBlank                     soccerlg
     00005A89  _LoadField                         soccerlg
     00005B47  _main                              soccerlg
     00005BA0  _StartGame                         soccerlg
     00005F75  _YSCC_SetOFFRForAudio              yscc_player
     00005F99  _YSCC_RestoreOFFR                  yscc_player
     00005FAF  _YSCC_Init                         yscc_player
     00006020  _YSCC_GetFirstSegmentOfCurrentPl   yscc_player
ASxxxx Linker V03.00 + NoICE + sdld,  page 10.
Hexadecimal  [32-Bits]

Area                                    Addr        Size        Decimal Bytes (Attributes)
--------------------------------        ----        ----        ------- ----- ------------
_CODE                               00004000    000039EF =       14831. bytes (REL,CON)

      Value  Global                              Global Defined In Module
      -----  --------------------------------   ------------------------
     00006025  _YSCC_Stop                         yscc_player
     0000603C  _YSCC_Pause                        yscc_player
     00006059  _YSCC_Resume                       yscc_player
     0000605F  _YSCC_IsPlaying                    yscc_player
     00006073  _YSCC_IsPaused                     yscc_player
     00006077  _YSCC_Play                         yscc_player
     000060D0  _YSCC_PlayLoop                     yscc_player
     000060F5  _YSCC_Decode                       yscc_player
     0000615B  __YSCC_CopyPCMBlock                yscc_player
     0000624D  _YSCC_SaveState                    yscc_player
     000062A2  _YSCC_LoadState                    yscc_player
     00006309  __YSCC_GetVdpFrequency             yscc_player
     00006317  __divuchar                         
     00006319  __divu8                            
     0000631C  __divu16                           
     0000631C  __divuint                          
     0000634B  _Print_MergeColor                  print
     0000636B  _g_HexChar                         print
     0000637B  _Print_Initialize                  print
     000063FC  _Print_SetMode                     print
     00006433  _Print_SetFont                     print
     0000650D  _Print_InitColorBuffer             print
     0000655B  _Print_SetColor                    print
     00006598  _Print_SetColorShade               print
     000065BD  _Print_SetBitmapFont               print
     000065C7  _DrawChar_8B                       print
     000066F6  _DrawChar_4B                       print
     00006802  _DrawChar_Trans                    print
     00006905  _Print_Clear                       print
     00006941  _Print_Backspace                   print
     000069F2  _Print_DrawChar                    print
     00006A03  _Print_DrawCharX                   print
     00006A15  _Print_DrawText                    print
     00006A79  _Print_DrawBin8                    print
     00006A9C  _Print_DrawHex8                    print
     00006AC2  _Print_DrawHex16                   print
     00006ACD  _Print_DrawInt                     print
     00006B59  _Print_DrawFormat                  print
     00006E98  _VDP_SetModeFlag                   vdp
     00006EC1  _VDP_SetModeText1                  vdp
     00006ED8  _VDP_SetModeMultiColor             vdp
     00006EEF  _VDP_SetModeGraphic1               vdp
     00006F0E  _VDP_SetModeGraphic2               vdp
     00006F2E  _VDP_ClearVRAM                     vdp
     00006F5D  _VDP_WriteVRAM_16K                 vdp
     00006F94  _VDP_FillVRAM_16K                  vdp
     00006FB9  _VDP_ReadVRAM_16K                  vdp
     00006FEF  _VDP_Peek_16K                      vdp
     00007004  _VDP_Poke_16K                      vdp
     0000701C  _VDP_SetModeGraphic4               vdp
     0000702A  _VDP_SetModeGraphic7               vdp
ASxxxx Linker V03.00 + NoICE + sdld,  page 11.
Hexadecimal  [32-Bits]

Area                                    Addr        Size        Decimal Bytes (Attributes)
--------------------------------        ----        ----        ------- ----- ------------
_CODE                               00004000    000039EF =       14831. bytes (REL,CON)

      Value  Global                              Global Defined In Module
      -----  --------------------------------   ------------------------
     00007038  _VDP_ReadStatus                    vdp
     0000704C  _VDP_SetAdjustOffset               vdp
     00007056  _VDP_SetPalette                    vdp
     00007066  _VDP_SetPaletteEntry               vdp
     00007075  _VDP_WriteVRAM_128K                vdp
     000070B8  _VDP_FillVRAM_128K                 vdp
     000070F3  _VDP_ReadVRAM_128K                 vdp
     0000713B  _VDP_Poke_128K                     vdp
     00007166  _VDP_Peek_128K                     vdp
     00007189  _VDP_CommandWait                   vdp
     000071A2  _VDP_CommandSetupR32               vdp
     000071D5  _VDP_CommandSetupR36               vdp
     00007200  _VDP_CommandWriteLoop              vdp
     00007228  _VDP_Initialize                    vdp
     00007244  _VDP_SetMode                       vdp
     000072FB  _VDP_GetVersion                    vdp
     0000734A  _VDP_RegWrite                      vdp
     00007356  _VDP_RegWriteBak                   vdp
     00007369  _VDP_RegWriteBakMask               vdp
     00007388  _VDP_ReadDefaultStatus             vdp
     0000738B  _VDP_SetPage                       vdp
     00007399  _VDP_SetLayoutTable                vdp
     000073FC  _VDP_SetColorTable                 vdp
     00007495  _VDP_SetPatternTable               vdp
     000074F5  _VDP_LoadPattern_GM2               vdp
     00007579  _VDP_LoadColor_GM2                 vdp
     000075FD  _VDP_WriteLayout_GM2               vdp
     00007668  _VDP_FillLayout_GM2                vdp
     000076BE  _Input_Detect                      input
     000076DB  _Joystick_Read                     input
     000076F0  _Keyboard_Read                     input
     000076FB  _Keyboard_IsKeyPressed             input
     00007726  __mulint                           
     00007728  __mul16                            
     0000773D  _DEBUG_INIT                        debug
     0000773E  _DEBUG_BREAK                       debug
     00007743  _DEBUG_ASSERT                      debug
     00007749  _DEBUG_LOG                         debug
     00007757  _DEBUG_LOGNUM                      debug
     0000777D  _DEBUG_PRINT                       debug
     0000778C  ___sdcc_call_hl                    
     0000778D  _BIOS_Exit                         bios
     00007795  _BIOS_SetHookCallback              bios
     000077B4  _BIOS_InterSlotRead                bios
     000077BA  _BIOS_InterSlotWrite               bios
     000077D0  _BIOS_InterSlotCall                bios
     000077E2  _BIOS_SwitchSlot                   bios
     000077EE  _BIOS_WriteVDP                     bios
     000077F4  _BIOS_WriteVRAM                    bios
     000077F9  _BIOS_FillVRAM                     bios
     0000780A  _BIOS_CopyVRAMtoRAM                bios
ASxxxx Linker V03.00 + NoICE + sdld,  page 12.
Hexadecimal  [32-Bits]

Area                                    Addr        Size        Decimal Bytes (Attributes)
--------------------------------        ----        ----        ------- ----- ------------
_CODE                               00004000    000039EF =       14831. bytes (REL,CON)

      Value  Global                              Global Defined In Module
      -----  --------------------------------   ------------------------
     0000781C  _BIOS_CopyRAMtoVRAM                bios
     0000782E  _BIOS_InitScreen3Ex                bios
     00007879  _BIOS_GetSpritePatternAddress      bios
     0000787E  _BIOS_GetSpriteAttributeAddress    bios
     00007883  _BIOS_WritePSG                     bios
     00007888  _BIOS_HasCharacter                 bios
     00007892  _BIOS_ClearScreen                  bios
     00007897  _BIOS_TextSetCursor                bios
     0000789C  ___sdcc_call_iy                    
     0000789E  _Sys_GetPageSlot                   system
     000078F1  _Sys_SetPageSlot                   system
     000078F2  _Sys_SetPage0Slot                  system
     00007937  _Sys_CheckSlot                     system
     0000799B  __modschar                         
     000079A3  __modsint                          
     000079A9  __moduchar                         
     000079B0  __moduint                          
     000079B5  __divschar                         
     000079B7  __div8                             
     000079BB  __div_signexte                     
     000079BF  __div16                            
     000079BF  __divsint                          
     000079E5  __get_remainder                    

ASxxxx Linker V03.00 + NoICE + sdld,  page 13.
Hexadecimal  [32-Bits]

Area                                    Addr        Size        Decimal Bytes (Attributes)
--------------------------------        ----        ----        ------- ----- ------------
_INITIALIZER                        000079EF    0000006B =         107. bytes (REL,CON)

      Value  Global                              Global Defined In Module
      -----  --------------------------------   ------------------------
ASxxxx Linker V03.00 + NoICE + sdld,  page 14.
Hexadecimal  [32-Bits]

Area                                    Addr        Size        Decimal Bytes (Attributes)
--------------------------------        ----        ----        ------- ----- ------------
_GSINIT                             00007A5A    00000010 =          16. bytes (REL,CON)

      Value  Global                              Global Defined In Module
      -----  --------------------------------   ------------------------
ASxxxx Linker V03.00 + NoICE + sdld,  page 15.
Hexadecimal  [32-Bits]

Area                                    Addr        Size        Decimal Bytes (Attributes)
--------------------------------        ----        ----        ------- ----- ------------
_GSFINAL                            00007A6A    00000000 =           0. bytes (REL,CON)

      Value  Global                              Global Defined In Module
      -----  --------------------------------   ------------------------
     00007A6A  _g_LastAddr                        crt0

ASxxxx Linker V03.00 + NoICE + sdld,  page 16.
Hexadecimal  [32-Bits]

Area                                    Addr        Size        Decimal Bytes (Attributes)
--------------------------------        ----        ----        ------- ----- ------------
_DATA                               0000C000    0000046E =        1134. bytes (REL,CON)

      Value  Global                              Global Defined In Module
      -----  --------------------------------   ------------------------
     0000C000  _g_HeapStartAddress                crt0
     0000C002  _g_ROMSlotID                       crt0
     0000C003  _g_Bank0Segment                    crt0
     0000C005  _g_Bank1Segment                    crt0
     0000C007  _g_Bank2Segment                    crt0
     0000C007  _g_CurrentSegment                  crt0
     0000C009  _g_Bank3Segment                    crt0
     0000C00B  _g_player_input                    soccerlg
     0000C011  _SwSprite                          soccerlg
     0000C392  _Field                             soccerlg
     0000C3A9  _ScoreBoardLeft                    soccerlg
     0000C3C0  _ScoreBoardRight                   soccerlg
     0000C3D7  _g_ActiveStats                     soccerlg
     0000C3F3  _g_YSCC_SamplePos                  yscc_player
     0000C3F5  _g_YSCC_SamplePage                 yscc_player
     0000C3F7  _g_YSCC_NumBlocksToPlay            yscc_player
     0000C3F9  _g_YSCC_Period                     yscc_player
     0000C406  _g_PrintData                       print
     0000C438  _g_VDP_REGSAV                      vdp
     0000C454  _g_VDP_Data                        vdp
     0000C456  _g_VDP_Command                     vdp
     0000C465  _g_ScreenLayoutLow                 vdp
     0000C467  _g_ScreenColorLow                  vdp
     0000C469  _g_ScreenPatternLow                vdp
     0000C46B  _g_ScreenLayoutHigh                vdp
     0000C46C  _g_ScreenColorHigh                 vdp
     0000C46D  _g_ScreenPatternHigh               vdp
ASxxxx Linker V03.00 + NoICE + sdld,  page 17.
Hexadecimal  [32-Bits]

Area                                    Addr        Size        Decimal Bytes (Attributes)
--------------------------------        ----        ----        ------- ----- ------------
_INITIALIZED                        0000C46E    0000006B =         107. bytes (REL,CON)

      Value  Global                              Global Defined In Module
      -----  --------------------------------   ------------------------
     0000C46E  _g_TeamNames                       soccerlg
     0000C47A  _Frms                              soccerlg
     0000C47B  _Secs                              soccerlg
     0000C47C  _Mins                              soccerlg
     0000C47D  _LastSecs                          soccerlg
     0000C47E  _Half                              soccerlg
     0000C47F  _ScoreTeam1                        soccerlg
     0000C480  _ScoreTeam2                        soccerlg
     0000C481  _LastScoreTeam1                    soccerlg
     0000C482  _LastScoreTeam2                    soccerlg
     0000C483  _g_is_penalty_shootout             soccerlg
     0000C484  _g_penalty_shot_count              soccerlg
     0000C486  _g_penalty_shooter_idx             soccerlg
     0000C487  _g_penalty_team                    soccerlg
     0000C488  _g_penalty_arrow_pos               soccerlg
     0000C489  _g_penalty_arrow_dir               soccerlg
     0000C48A  _Team1Code                         soccerlg
     0000C48B  _Team2Code                         soccerlg
     0000C48C  _KickOffTeam                       soccerlg
     0000C48D  _GameMode                          soccerlg
     0000C48E  _T1_Carrier                        soccerlg
     0000C48F  _T1_Receiver                       soccerlg
     0000C490  _T2_Carrier                        soccerlg
     0000C491  _T2_Receiver                       soccerlg
     0000C492  _TimerEnabled                      soccerlg
     0000C493  _LastTouchTeam                     soccerlg
     0000C494  _LastTouchPlayer                   soccerlg
     0000C495  _RestartType                       soccerlg
     0000C496  _RestartSideX                      soccerlg
     0000C497  _RestartSideY                      soccerlg
     0000C499  _g_throw_rec_1                     soccerlg
     0000C49A  _g_throw_rec_2                     soccerlg
     0000C49B  _g_selected_rec                    soccerlg
     0000C49C  _g_thrower_id                      soccerlg
     0000C49D  _g_pass_start_x                    soccerlg
     0000C49F  _g_pass_start_y                    soccerlg
     0000C4A1  _g_pass_target_x                   soccerlg
     0000C4A3  _g_pass_target_y                   soccerlg
     0000C4A5  _g_pass_max_frames                 soccerlg
     0000C4A6  _g_pass_max_height                 soccerlg
     0000C4A7  _g_pass_receiver                   soccerlg
     0000C4A8  _g_last_dx                         soccerlg
     0000C4AA  _g_last_dy                         soccerlg
     0000C4AC  _g_last_input_dir                  soccerlg
     0000C4AD  _g_h_arrow_x                       soccerlg
     0000C4AF  _g_h_arrow_dir                     soccerlg
     0000C4B0  _g_closest_t1                      soccerlg
     0000C4B1  _g_closest_t2                      soccerlg
     0000C4B2  _g_is_ball_carried                 soccerlg
     0000C4B3  _g_help_shown                      soccerlg
ASxxxx Linker V03.00 + NoICE + sdld,  page 18.
Hexadecimal  [32-Bits]

Area                                    Addr        Size        Decimal Bytes (Attributes)
--------------------------------        ----        ----        ------- ----- ------------
_INITIALIZED                        0000C46E    0000006B =         107. bytes (REL,CON)

      Value  Global                              Global Defined In Module
      -----  --------------------------------   ------------------------
     0000C4B4  _g_scc_resume_timer                soccerlg
     0000C4B5  _g_VSynch                          soccerlg
     0000C4B7  _g_YSCC_CurrentOFFR                yscc_player
     0000C4B9  _g_currentSCCPlayingSegment        yscc_player
     0000C4D8  _g_VDPInitilized                   vdp

ASxxxx Linker V03.00 + NoICE + sdld,  page 19.
Hexadecimal  [32-Bits]

Area                                    Addr        Size        Decimal Bytes (Attributes)
--------------------------------        ----        ----        ------- ----- ------------
_SEG4                               0004A000    000012E3 =        4835. bytes (REL,CON)

      Value  Global                              Global Defined In Module
      -----  --------------------------------   ------------------------
     0004A000  _GetDrawFrame                      soccerlg_s4_b3
     0004A043  _g_Menu_Fonts                      soccerlg_s4_b3
     0004A451  _g_Fonts                           soccerlg_s4_b3
     0004A745  _MainLoop                          soccerlg_s4_b3

ASxxxx Linker V03.00 + NoICE + sdld,  page 20.
Hexadecimal  [32-Bits]

Area                                    Addr        Size        Decimal Bytes (Attributes)
--------------------------------        ----        ----        ------- ----- ------------
_SEG5                               0005A000    00000DF8 =        3576. bytes (REL,CON)

      Value  Global                              Global Defined In Module
      -----  --------------------------------   ------------------------
     0005A000  _PlotField                         soccerlg_s5_b3
     0005A27E  _RemoveSwSprite                    soccerlg_s5_b3
     0005A514  _RemoveScoreBoardLeft              soccerlg_s5_b3
     0005A698  _PrintScoreBoardLeft               soccerlg_s5_b3
     0005A7B3  _RemoveScoreBoardRight             soccerlg_s5_b3
     0005A937  _PrintScoreBoardRight              soccerlg_s5_b3
     0005AA5C  _SetBallSprite                     soccerlg_s5_b3
     0005AA70  _IsBallForeground                  soccerlg_s5_b3
     0005ABFC  _ShowSpriteMessage                 soccerlg_s5_b3
     0005ADD6  _HideSpriteMessage                 soccerlg_s5_b3

ASxxxx Linker V03.00 + NoICE + sdld,  page 21.
Hexadecimal  [32-Bits]

Area                                    Addr        Size        Decimal Bytes (Attributes)
--------------------------------        ----        ----        ------- ----- ------------
_SEG6                               0006A000    000008E0 =        2272. bytes (REL,CON)

      Value  Global                              Global Defined In Module
      -----  --------------------------------   ------------------------
     0006A000  _PlayerAI                          soccerlg_s6_b3

ASxxxx Linker V03.00 + NoICE + sdld,  page 22.
Hexadecimal  [32-Bits]

Area                                    Addr        Size        Decimal Bytes (Attributes)
--------------------------------        ----        ----        ------- ----- ------------
_SEG7                               0007A000    00000262 =         610. bytes (REL,CON)

      Value  Global                              Global Defined In Module
      -----  --------------------------------   ------------------------
     0007A000  _IsTeamJoystickTriggerPressed      soccerlg_s7_b3
     0007A031  _GetJoystickDirection              soccerlg_s7_b3
     0007A1E1  _UpdateAllInputs                   soccerlg_s7_b3
ASxxxx Linker V03.00 + NoICE + sdld,  page 23.
Hexadecimal  [32-Bits]

Area                                    Addr        Size        Decimal Bytes (Attributes)
--------------------------------        ----        ----        ------- ----- ------------
_SEG8                               0008A000    000000D0 =         208. bytes (REL,CON)

      Value  Global                              Global Defined In Module
      -----  --------------------------------   ------------------------
     0008A000  _EventBallKicked                   soccerlg_s8_b3
     0008A001  _EventStartPresentationScrollig    soccerlg_s8_b3
     0008A015  _EventPlayerFirstPresentationSta   soccerlg_s8_b3
     0008A016  _EventKickOffReady                 soccerlg_s8_b3
     0008A030  _EventHalfTime                     soccerlg_s8_b3
     0008A03F  _EventTimeUp                       soccerlg_s8_b3
     0008A058  _EventThrowIn                      soccerlg_s8_b3
     0008A072  _EventCornerKick                   soccerlg_s8_b3
     0008A08C  _EventGoalKick                     soccerlg_s8_b3
     0008A0A7  _EventOffside                      soccerlg_s8_b3
     0008A0C1  _EventGoal                         soccerlg_s8_b3
     0008A0CE  _EventPenaltyWhistle               soccerlg_s8_b3
     0008A0CF  _EventTeamSelected                 soccerlg_s8_b3

ASxxxx Linker V03.00 + NoICE + sdld,  page 24.
Hexadecimal  [32-Bits]

Area                                    Addr        Size        Decimal Bytes (Attributes)
--------------------------------        ----        ----        ------- ----- ------------
_SEG9                               0009A000    00001CEB =        7403. bytes (REL,CON)

      Value  Global                              Global Defined In Module
      -----  --------------------------------   ------------------------
     0009A000  _UpdateGameState                   soccerlg_s9_b3

ASxxxx Linker V03.00 + NoICE + sdld,  page 25.
Hexadecimal  [32-Bits]

Area                                    Addr        Size        Decimal Bytes (Attributes)
--------------------------------        ----        ----        ------- ----- ------------
_SEG10                              000AA000    00000582 =        1410. bytes (REL,CON)

      Value  Global                              Global Defined In Module
      -----  --------------------------------   ------------------------
     000AA000  _UpdateFieldCamera                 soccerlg_s10_b3
     000AA228  _CheckFieldBoundaries              soccerlg_s10_b3

ASxxxx Linker V03.00 + NoICE + sdld,  page 26.
Hexadecimal  [32-Bits]

Area                                    Addr        Size        Decimal Bytes (Attributes)
--------------------------------        ----        ----        ------- ----- ------------
_SEG11                              000BA000    000000C6 =         198. bytes (REL,CON)

      Value  Global                              Global Defined In Module
      -----  --------------------------------   ------------------------
     000BA000  _AssignKickOffTargets              soccerlg_s11_b3

ASxxxx Linker V03.00 + NoICE + sdld,  page 27.
Hexadecimal  [32-Bits]

Area                                    Addr        Size        Decimal Bytes (Attributes)
--------------------------------        ----        ----        ------- ----- ------------
_SEG12                              000CA000    00000D5C =        3420. bytes (REL,CON)

      Value  Global                              Global Defined In Module
      -----  --------------------------------   ------------------------
     000CA000  _UpdateGameState_Restarts          soccerlg_s12_b3

ASxxxx Linker V03.00 + NoICE + sdld,  page 28.
Hexadecimal  [32-Bits]

Area                                    Addr        Size        Decimal Bytes (Attributes)
--------------------------------        ----        ----        ------- ----- ------------
_SEG13                              000DA000    0000084D =        2125. bytes (REL,CON)

      Value  Global                              Global Defined In Module
      -----  --------------------------------   ------------------------
     000DA000  _UpdateGameState_Init              soccerlg_s13_b3

ASxxxx Linker V03.00 + NoICE + sdld,  page 29.
Hexadecimal  [32-Bits]

Area                                    Addr        Size        Decimal Bytes (Attributes)
--------------------------------        ----        ----        ------- ----- ------------
_SEG15                              000FA000    00001D77 =        7543. bytes (REL,CON)

      Value  Global                              Global Defined In Module
      -----  --------------------------------   ------------------------
     000FA000  _UpdateGameState_SetPieces         soccerlg_s15_b3
     000FAA4D  _UpdateGameState_Penalties_End     soccerlg_s15_b3

ASxxxx Linker V03.00 + NoICE + sdld,  page 30.
Hexadecimal  [32-Bits]

Area                                    Addr        Size        Decimal Bytes (Attributes)
--------------------------------        ----        ----        ------- ----- ------------
_SEG16                              0010A000    00000CB4 =        3252. bytes (REL,CON)

      Value  Global                              Global Defined In Module
      -----  --------------------------------   ------------------------
     0010A000  _UpdateGameState_Penalties         soccerlg_s16_b3

ASxxxx Linker V03.00 + NoICE + sdld,  page 31.
Hexadecimal  [32-Bits]

Area                                    Addr        Size        Decimal Bytes (Attributes)
--------------------------------        ----        ----        ------- ----- ------------
_SEG17                              0011A000    000017E8 =        6120. bytes (REL,CON)

      Value  Global                              Global Defined In Module
      -----  --------------------------------   ------------------------
     0011A000  _AssignThrowInTargets              soccerlg_s17_b3
     0011A7FA  _AssignGoalKickTargets             soccerlg_s17_b3
     0011AC37  _AssignCornerKickTargets           soccerlg_s17_b3
     0011AFB9  _ExecuteThrowIn                    soccerlg_s17_b3
     0011B122  _ExecuteCornerKick                 soccerlg_s17_b3
     0011B27A  _AssignOffsideTargets              soccerlg_s17_b3
ASxxxx Linker V03.00 + NoICE + sdld,  page 32.
Hexadecimal  [32-Bits]

Area                                    Addr        Size        Decimal Bytes (Attributes)
--------------------------------        ----        ----        ------- ----- ------------
_SEG18                              0012A000    00000961 =        2401. bytes (REL,CON)

      Value  Global                              Global Defined In Module
      -----  --------------------------------   ------------------------
     0012A000  _UpdateBallPhysics                 soccerlg_s18_b3
     0012A772  _UpdateReferee                     soccerlg_s18_b3

ASxxxx Linker V03.00 + NoICE + sdld,  page 33.
Hexadecimal  [32-Bits]

Area                                    Addr        Size        Decimal Bytes (Attributes)
--------------------------------        ----        ----        ------- ----- ------------
_SEG19                              0013A000    00000957 =        2391. bytes (REL,CON)

      Value  Global                              Global Defined In Module
      -----  --------------------------------   ------------------------
     0013A000  _GetPlayerAnimFrame                soccerlg_s19_b3
     0013A6C2  _GetPlayerIdleFrame                soccerlg_s19_b3

ASxxxx Linker V03.00 + NoICE + sdld,  page 34.
Hexadecimal  [32-Bits]

Area                                    Addr        Size        Decimal Bytes (Attributes)
--------------------------------        ----        ----        ------- ----- ------------
_SEG20                              0014A000    00000779 =        1913. bytes (REL,CON)

      Value  Global                              Global Defined In Module
      -----  --------------------------------   ------------------------
     0014A000  _FindReceiver                      soccerlg_s20_b3
     0014A25D  _UpdateGameState_GlobalChecks      soccerlg_s20_b3

ASxxxx Linker V03.00 + NoICE + sdld,  page 35.
Hexadecimal  [32-Bits]

Area                                    Addr        Size        Decimal Bytes (Attributes)
--------------------------------        ----        ----        ------- ----- ------------
_SEG21                              0015A000    00001CDB =        7387. bytes (REL,CON)

      Value  Global                              Global Defined In Module
      -----  --------------------------------   ------------------------
     0015A000  _PlayerAI_Movement                 soccerlg_s21_b3

ASxxxx Linker V03.00 + NoICE + sdld,  page 36.
Hexadecimal  [32-Bits]

Area                                    Addr        Size        Decimal Bytes (Attributes)
--------------------------------        ----        ----        ------- ----- ------------
_SEG22                              0016A000    0000121C =        4636. bytes (REL,CON)

      Value  Global                              Global Defined In Module
      -----  --------------------------------   ------------------------
     0016A000  _UpdateGameState_Celebrations      soccerlg_s22_b3

ASxxxx Linker V03.00 + NoICE + sdld,  page 37.
Hexadecimal  [32-Bits]

Area                                    Addr        Size        Decimal Bytes (Attributes)
--------------------------------        ----        ----        ------- ----- ------------
_SEG23                              0017A000    00000C4F =        3151. bytes (REL,CON)

      Value  Global                              Global Defined In Module
      -----  --------------------------------   ------------------------
     0017A000  _UpdateGameState_Play              soccerlg_s23_b3

ASxxxx Linker V03.00 + NoICE + sdld,  page 38.
Hexadecimal  [32-Bits]

Area                                    Addr        Size        Decimal Bytes (Attributes)
--------------------------------        ----        ----        ------- ----- ------------
_SEG50                              0032A000    00002000 =        8192. bytes (REL,CON)

      Value  Global                              Global Defined In Module
      -----  --------------------------------   ------------------------
     0032A000  _g_SplashScreen1                   soccerlg_s50_b3

ASxxxx Linker V03.00 + NoICE + sdld,  page 39.
Hexadecimal  [32-Bits]

Area                                    Addr        Size        Decimal Bytes (Attributes)
--------------------------------        ----        ----        ------- ----- ------------
_SEG51                              0033A000    00002000 =        8192. bytes (REL,CON)

      Value  Global                              Global Defined In Module
      -----  --------------------------------   ------------------------
     0033A000  _g_SplashScreen2                   soccerlg_s51_b3

ASxxxx Linker V03.00 + NoICE + sdld,  page 40.
Hexadecimal  [32-Bits]

Area                                    Addr        Size        Decimal Bytes (Attributes)
--------------------------------        ----        ----        ------- ----- ------------
_SEG52                              0034A000    00002000 =        8192. bytes (REL,CON)

      Value  Global                              Global Defined In Module
      -----  --------------------------------   ------------------------
     0034A000  _g_SplashScreen3                   soccerlg_s52_b3

ASxxxx Linker V03.00 + NoICE + sdld,  page 41.
Hexadecimal  [32-Bits]

Area                                    Addr        Size        Decimal Bytes (Attributes)
--------------------------------        ----        ----        ------- ----- ------------
_SEG53                              0035A000    00002000 =        8192. bytes (REL,CON)

      Value  Global                              Global Defined In Module
      -----  --------------------------------   ------------------------
     0035A000  _g_SplashScreen4                   soccerlg_s53_b3

ASxxxx Linker V03.00 + NoICE + sdld,  page 42.
Hexadecimal  [32-Bits]

Area                                    Addr        Size        Decimal Bytes (Attributes)
--------------------------------        ----        ----        ------- ----- ------------
_SEG54                              0036A000    00002000 =        8192. bytes (REL,CON)

      Value  Global                              Global Defined In Module
      -----  --------------------------------   ------------------------
     0036A000  _g_SplashScreen5                   soccerlg_s54_b3

ASxxxx Linker V03.00 + NoICE + sdld,  page 43.
Hexadecimal  [32-Bits]

Area                                    Addr        Size        Decimal Bytes (Attributes)
--------------------------------        ----        ----        ------- ----- ------------
_SEG55                              0037A000    00002000 =        8192. bytes (REL,CON)

      Value  Global                              Global Defined In Module
      -----  --------------------------------   ------------------------
     0037A000  _g_SplashScreen6                   soccerlg_s55_b3

ASxxxx Linker V03.00 + NoICE + sdld,  page 44.
Hexadecimal  [32-Bits]

Area                                    Addr        Size        Decimal Bytes (Attributes)
--------------------------------        ----        ----        ------- ----- ------------
_SEG56                              0038A000    00001400 =        5120. bytes (REL,CON)

      Value  Global                              Global Defined In Module
      -----  --------------------------------   ------------------------
     0038A000  _g_SplashScreen7                   soccerlg_s56_b3

ASxxxx Linker V03.00 + NoICE + sdld,  page 45.
Hexadecimal  [32-Bits]

Area                                    Addr        Size        Decimal Bytes (Attributes)
--------------------------------        ----        ----        ------- ----- ------------
_SEG57                              0039A000    00002000 =        8192. bytes (REL,CON)

      Value  Global                              Global Defined In Module
      -----  --------------------------------   ------------------------
     0039A000  _g_MenuColorScreen1                soccerlg_s57_b3

ASxxxx Linker V03.00 + NoICE + sdld,  page 46.
Hexadecimal  [32-Bits]

Area                                    Addr        Size        Decimal Bytes (Attributes)
--------------------------------        ----        ----        ------- ----- ------------
_SEG58                              003AA000    00002000 =        8192. bytes (REL,CON)

      Value  Global                              Global Defined In Module
      -----  --------------------------------   ------------------------
     003AA000  _g_MenuColorScreen2                soccerlg_s58_b3

ASxxxx Linker V03.00 + NoICE + sdld,  page 47.
Hexadecimal  [32-Bits]

Area                                    Addr        Size        Decimal Bytes (Attributes)
--------------------------------        ----        ----        ------- ----- ------------
_SEG59                              003BA000    00002000 =        8192. bytes (REL,CON)

      Value  Global                              Global Defined In Module
      -----  --------------------------------   ------------------------
     003BA000  _g_MenuColorScreen3                soccerlg_s59_b3

ASxxxx Linker V03.00 + NoICE + sdld,  page 48.
Hexadecimal  [32-Bits]

Area                                    Addr        Size        Decimal Bytes (Attributes)
--------------------------------        ----        ----        ------- ----- ------------
_SEG60                              003CA000    00002000 =        8192. bytes (REL,CON)

      Value  Global                              Global Defined In Module
      -----  --------------------------------   ------------------------
     003CA000  _g_MenuColorScreen4                soccerlg_s60_b3

ASxxxx Linker V03.00 + NoICE + sdld,  page 49.
Hexadecimal  [32-Bits]

Area                                    Addr        Size        Decimal Bytes (Attributes)
--------------------------------        ----        ----        ------- ----- ------------
_SEG61                              003DA000    00002000 =        8192. bytes (REL,CON)

      Value  Global                              Global Defined In Module
      -----  --------------------------------   ------------------------
     003DA000  _g_MenuColorScreen5                soccerlg_s61_b3

ASxxxx Linker V03.00 + NoICE + sdld,  page 50.
Hexadecimal  [32-Bits]

Area                                    Addr        Size        Decimal Bytes (Attributes)
--------------------------------        ----        ----        ------- ----- ------------
_SEG62                              003EA000    00002000 =        8192. bytes (REL,CON)

      Value  Global                              Global Defined In Module
      -----  --------------------------------   ------------------------
     003EA000  _g_MenuColorScreen6                soccerlg_s62_b3

ASxxxx Linker V03.00 + NoICE + sdld,  page 51.
Hexadecimal  [32-Bits]

Area                                    Addr        Size        Decimal Bytes (Attributes)
--------------------------------        ----        ----        ------- ----- ------------
_SEG63                              003FA000    00001400 =        5120. bytes (REL,CON)

      Value  Global                              Global Defined In Module
      -----  --------------------------------   ------------------------
     003FA000  _g_MenuColorScreen7                soccerlg_s63_b3

ASxxxx Linker V03.00 + NoICE + sdld,  page 52.
Hexadecimal  [32-Bits]

Area                                    Addr        Size        Decimal Bytes (Attributes)
--------------------------------        ----        ----        ------- ----- ------------
_SEG64                              0040A000    00002000 =        8192. bytes (REL,CON)

      Value  Global                              Global Defined In Module
      -----  --------------------------------   ------------------------
     0040A000  _g_MenuGrayScreen1                 soccerlg_s64_b3

ASxxxx Linker V03.00 + NoICE + sdld,  page 53.
Hexadecimal  [32-Bits]

Area                                    Addr        Size        Decimal Bytes (Attributes)
--------------------------------        ----        ----        ------- ----- ------------
_SEG65                              0041A000    00002000 =        8192. bytes (REL,CON)

      Value  Global                              Global Defined In Module
      -----  --------------------------------   ------------------------
     0041A000  _g_MenuGrayScreen2                 soccerlg_s65_b3

ASxxxx Linker V03.00 + NoICE + sdld,  page 54.
Hexadecimal  [32-Bits]

Area                                    Addr        Size        Decimal Bytes (Attributes)
--------------------------------        ----        ----        ------- ----- ------------
_SEG66                              0042A000    00002000 =        8192. bytes (REL,CON)

      Value  Global                              Global Defined In Module
      -----  --------------------------------   ------------------------
     0042A000  _g_MenuGrayScreen3                 soccerlg_s66_b3

ASxxxx Linker V03.00 + NoICE + sdld,  page 55.
Hexadecimal  [32-Bits]

Area                                    Addr        Size        Decimal Bytes (Attributes)
--------------------------------        ----        ----        ------- ----- ------------
_SEG67                              0043A000    00002000 =        8192. bytes (REL,CON)

      Value  Global                              Global Defined In Module
      -----  --------------------------------   ------------------------
     0043A000  _g_MenuGrayScreen4                 soccerlg_s67_b3

ASxxxx Linker V03.00 + NoICE + sdld,  page 56.
Hexadecimal  [32-Bits]

Area                                    Addr        Size        Decimal Bytes (Attributes)
--------------------------------        ----        ----        ------- ----- ------------
_SEG68                              0044A000    00002000 =        8192. bytes (REL,CON)

      Value  Global                              Global Defined In Module
      -----  --------------------------------   ------------------------
     0044A000  _g_MenuGrayScreen5                 soccerlg_s68_b3

ASxxxx Linker V03.00 + NoICE + sdld,  page 57.
Hexadecimal  [32-Bits]

Area                                    Addr        Size        Decimal Bytes (Attributes)
--------------------------------        ----        ----        ------- ----- ------------
_SEG69                              0045A000    00002000 =        8192. bytes (REL,CON)

      Value  Global                              Global Defined In Module
      -----  --------------------------------   ------------------------
     0045A000  _g_MenuGrayScreen6                 soccerlg_s69_b3

ASxxxx Linker V03.00 + NoICE + sdld,  page 58.
Hexadecimal  [32-Bits]

Area                                    Addr        Size        Decimal Bytes (Attributes)
--------------------------------        ----        ----        ------- ----- ------------
_SEG70                              0046A000    00001400 =        5120. bytes (REL,CON)

      Value  Global                              Global Defined In Module
      -----  --------------------------------   ------------------------
     0046A000  _g_MenuGrayScreen7                 soccerlg_s70_b3

ASxxxx Linker V03.00 + NoICE + sdld,  page 59.
Hexadecimal  [32-Bits]

Area                                    Addr        Size        Decimal Bytes (Attributes)
--------------------------------        ----        ----        ------- ----- ------------
_SEG71                              0047A000    00002000 =        8192. bytes (REL,CON)

      Value  Global                              Global Defined In Module
      -----  --------------------------------   ------------------------
     0047A000  _g_HelpScreen1                     soccerlg_s71_b3

ASxxxx Linker V03.00 + NoICE + sdld,  page 60.
Hexadecimal  [32-Bits]

Area                                    Addr        Size        Decimal Bytes (Attributes)
--------------------------------        ----        ----        ------- ----- ------------
_SEG72                              0048A000    00002000 =        8192. bytes (REL,CON)

      Value  Global                              Global Defined In Module
      -----  --------------------------------   ------------------------
     0048A000  _g_HelpScreen2                     soccerlg_s72_b3

ASxxxx Linker V03.00 + NoICE + sdld,  page 61.
Hexadecimal  [32-Bits]

Area                                    Addr        Size        Decimal Bytes (Attributes)
--------------------------------        ----        ----        ------- ----- ------------
_SEG73                              0049A000    00002000 =        8192. bytes (REL,CON)

      Value  Global                              Global Defined In Module
      -----  --------------------------------   ------------------------
     0049A000  _g_HelpScreen3                     soccerlg_s73_b3

ASxxxx Linker V03.00 + NoICE + sdld,  page 62.
Hexadecimal  [32-Bits]

Area                                    Addr        Size        Decimal Bytes (Attributes)
--------------------------------        ----        ----        ------- ----- ------------
_SEG74                              004AA000    00002000 =        8192. bytes (REL,CON)

      Value  Global                              Global Defined In Module
      -----  --------------------------------   ------------------------
     004AA000  _g_HelpScreen4                     soccerlg_s74_b3

ASxxxx Linker V03.00 + NoICE + sdld,  page 63.
Hexadecimal  [32-Bits]

Area                                    Addr        Size        Decimal Bytes (Attributes)
--------------------------------        ----        ----        ------- ----- ------------
_SEG75                              004BA000    00002000 =        8192. bytes (REL,CON)

      Value  Global                              Global Defined In Module
      -----  --------------------------------   ------------------------
     004BA000  _g_HelpScreen5                     soccerlg_s75_b3

ASxxxx Linker V03.00 + NoICE + sdld,  page 64.
Hexadecimal  [32-Bits]

Area                                    Addr        Size        Decimal Bytes (Attributes)
--------------------------------        ----        ----        ------- ----- ------------
_SEG76                              004CA000    00002000 =        8192. bytes (REL,CON)

      Value  Global                              Global Defined In Module
      -----  --------------------------------   ------------------------
     004CA000  _g_HelpScreen6                     soccerlg_s76_b3

ASxxxx Linker V03.00 + NoICE + sdld,  page 65.
Hexadecimal  [32-Bits]

Area                                    Addr        Size        Decimal Bytes (Attributes)
--------------------------------        ----        ----        ------- ----- ------------
_SEG77                              004DA000    00001400 =        5120. bytes (REL,CON)

      Value  Global                              Global Defined In Module
      -----  --------------------------------   ------------------------
     004DA000  _g_HelpScreen7                     soccerlg_s77_b3

ASxxxx Linker V03.00 + NoICE + sdld,  page 66.
Hexadecimal  [32-Bits]

Area                                    Addr        Size        Decimal Bytes (Attributes)
--------------------------------        ----        ----        ------- ----- ------------
_SEG90                              005AA000    00002000 =        8192. bytes (REL,CON)

      Value  Global                              Global Defined In Module
      -----  --------------------------------   ------------------------
     005AA000  _g_Data_PCM_CornerKicka            soccerlg_s90_b3

ASxxxx Linker V03.00 + NoICE + sdld,  page 67.
Hexadecimal  [32-Bits]

Area                                    Addr        Size        Decimal Bytes (Attributes)
--------------------------------        ----        ----        ------- ----- ------------
_SEG91                              005BA000    000008A4 =        2212. bytes (REL,CON)

      Value  Global                              Global Defined In Module
      -----  --------------------------------   ------------------------
     005BA000  _g_Data_PCM_CornerKickb            soccerlg_s91_b3

ASxxxx Linker V03.00 + NoICE + sdld,  page 68.
Hexadecimal  [32-Bits]

Area                                    Addr        Size        Decimal Bytes (Attributes)
--------------------------------        ----        ----        ------- ----- ------------
_SEG92                              005CA000    00002000 =        8192. bytes (REL,CON)

      Value  Global                              Global Defined In Module
      -----  --------------------------------   ------------------------
     005CA000  _g_Data_PCM_KickOffa               soccerlg_s92_b3

ASxxxx Linker V03.00 + NoICE + sdld,  page 69.
Hexadecimal  [32-Bits]

Area                                    Addr        Size        Decimal Bytes (Attributes)
--------------------------------        ----        ----        ------- ----- ------------
_SEG93                              005DA000    000015D9 =        5593. bytes (REL,CON)

      Value  Global                              Global Defined In Module
      -----  --------------------------------   ------------------------
     005DA000  _g_Data_PCM_KickOffb               soccerlg_s93_b3

ASxxxx Linker V03.00 + NoICE + sdld,  page 70.
Hexadecimal  [32-Bits]

Area                                    Addr        Size        Decimal Bytes (Attributes)
--------------------------------        ----        ----        ------- ----- ------------
_SEG94                              005EA000    00002000 =        8192. bytes (REL,CON)

      Value  Global                              Global Defined In Module
      -----  --------------------------------   ------------------------
     005EA000  _g_Data_PCM_InGoal_1a              soccerlg_s94_b3

ASxxxx Linker V03.00 + NoICE + sdld,  page 71.
Hexadecimal  [32-Bits]

Area                                    Addr        Size        Decimal Bytes (Attributes)
--------------------------------        ----        ----        ------- ----- ------------
_SEG95                              005FA000    00001DB0 =        7600. bytes (REL,CON)

      Value  Global                              Global Defined In Module
      -----  --------------------------------   ------------------------
     005FA000  _g_Data_PCM_InGoal_1b              soccerlg_s95_b3

ASxxxx Linker V03.00 + NoICE + sdld,  page 72.
Hexadecimal  [32-Bits]

Area                                    Addr        Size        Decimal Bytes (Attributes)
--------------------------------        ----        ----        ------- ----- ------------
_SEG96                              0060A000    00002000 =        8192. bytes (REL,CON)

      Value  Global                              Global Defined In Module
      -----  --------------------------------   ------------------------
     0060A000  _g_Data_PCM_InGoal_2a              soccerlg_s96_b3

ASxxxx Linker V03.00 + NoICE + sdld,  page 73.
Hexadecimal  [32-Bits]

Area                                    Addr        Size        Decimal Bytes (Attributes)
--------------------------------        ----        ----        ------- ----- ------------
_SEG97                              0061A000    0000176A =        5994. bytes (REL,CON)

      Value  Global                              Global Defined In Module
      -----  --------------------------------   ------------------------
     0061A000  _g_Data_PCM_InGoal_2b              soccerlg_s97_b3

ASxxxx Linker V03.00 + NoICE + sdld,  page 74.
Hexadecimal  [32-Bits]

Area                                    Addr        Size        Decimal Bytes (Attributes)
--------------------------------        ----        ----        ------- ----- ------------
_SEG98                              0062A000    00002000 =        8192. bytes (REL,CON)

      Value  Global                              Global Defined In Module
      -----  --------------------------------   ------------------------
     0062A000  _g_Data_PCM_InGoal_3a              soccerlg_s98_b3

ASxxxx Linker V03.00 + NoICE + sdld,  page 75.
Hexadecimal  [32-Bits]

Area                                    Addr        Size        Decimal Bytes (Attributes)
--------------------------------        ----        ----        ------- ----- ------------
_SEG99                              0063A000    00001320 =        4896. bytes (REL,CON)

      Value  Global                              Global Defined In Module
      -----  --------------------------------   ------------------------
     0063A000  _g_Data_PCM_InGoal_3b              soccerlg_s99_b3

ASxxxx Linker V03.00 + NoICE + sdld,  page 76.
Hexadecimal  [32-Bits]

Area                                    Addr        Size        Decimal Bytes (Attributes)
--------------------------------        ----        ----        ------- ----- ------------
_SEG100                             0064A000    00002000 =        8192. bytes (REL,CON)

      Value  Global                              Global Defined In Module
      -----  --------------------------------   ------------------------
     0064A000  _g_Data_PCM_ThrowIna               soccerlg_s100_b3

ASxxxx Linker V03.00 + NoICE + sdld,  page 77.
Hexadecimal  [32-Bits]

Area                                    Addr        Size        Decimal Bytes (Attributes)
--------------------------------        ----        ----        ------- ----- ------------
_SEG101                             0065A000    0000159A =        5530. bytes (REL,CON)

      Value  Global                              Global Defined In Module
      -----  --------------------------------   ------------------------
     0065A000  _g_Data_PCM_ThrowInb               soccerlg_s101_b3

ASxxxx Linker V03.00 + NoICE + sdld,  page 78.
Hexadecimal  [32-Bits]

Area                                    Addr        Size        Decimal Bytes (Attributes)
--------------------------------        ----        ----        ------- ----- ------------
_SEG102                             0066A000    00002000 =        8192. bytes (REL,CON)

      Value  Global                              Global Defined In Module
      -----  --------------------------------   ------------------------
     0066A000  _g_Data_PCM_GoalKicka              soccerlg_s102_b3

ASxxxx Linker V03.00 + NoICE + sdld,  page 79.
Hexadecimal  [32-Bits]

Area                                    Addr        Size        Decimal Bytes (Attributes)
--------------------------------        ----        ----        ------- ----- ------------
_SEG103                             0067A000    000008F4 =        2292. bytes (REL,CON)

      Value  Global                              Global Defined In Module
      -----  --------------------------------   ------------------------
     0067A000  _g_Data_PCM_GoalKickb              soccerlg_s103_b3

ASxxxx Linker V03.00 + NoICE + sdld,  page 80.
Hexadecimal  [32-Bits]

Area                                    Addr        Size        Decimal Bytes (Attributes)
--------------------------------        ----        ----        ------- ----- ------------
_SEG104                             0068A000    000015A5 =        5541. bytes (REL,CON)

      Value  Global                              Global Defined In Module
      -----  --------------------------------   ------------------------
     0068A000  _g_Data_PCM_Refereer               soccerlg_s104_b3

ASxxxx Linker V03.00 + NoICE + sdld,  page 81.

Files Linked                              [ module(s) ]

E:\Dropbox\FAUSTO\SVILUPPI\MSX\CODE\C\MSXgl\projects\soccerlgMSX2/out/crt0_rom_mapper.rel
                                          [ crt0 ]
E:\Dropbox\FAUSTO\SVILUPPI\MSX\CODE\C\MSXgl\projects\soccerlgMSX2/out/soccerlg.rel
                                          [ soccerlg ]
E:\Dropbox\FAUSTO\SVILUPPI\MSX\CODE\C\MSXgl\projects\soccerlgMSX2/out/yscc_player.rel
                                          [ yscc_player ]
E:\Dropbox\FAUSTO\SVILUPPI\MSX\CODE\C\MSXgl\projects\soccerlgMSX2/out/soccerlg_s4_b3.rel
                                          [ soccerlg_s4_b3 ]
E:\Dropbox\FAUSTO\SVILUPPI\MSX\CODE\C\MSXgl\projects\soccerlgMSX2/out/soccerlg_s5_b3.rel
                                          [ soccerlg_s5_b3 ]
E:\Dropbox\FAUSTO\SVILUPPI\MSX\CODE\C\MSXgl\projects\soccerlgMSX2/out/soccerlg_s6_b3.rel
                                          [ soccerlg_s6_b3 ]
E:\Dropbox\FAUSTO\SVILUPPI\MSX\CODE\C\MSXgl\projects\soccerlgMSX2/out/soccerlg_s7_b3.rel
                                          [ soccerlg_s7_b3 ]
E:\Dropbox\FAUSTO\SVILUPPI\MSX\CODE\C\MSXgl\projects\soccerlgMSX2/out/soccerlg_s8_b3.rel
                                          [ soccerlg_s8_b3 ]
E:\Dropbox\FAUSTO\SVILUPPI\MSX\CODE\C\MSXgl\projects\soccerlgMSX2/out/soccerlg_s9_b3.rel
                                          [ soccerlg_s9_b3 ]
E:\Dropbox\FAUSTO\SVILUPPI\MSX\CODE\C\MSXgl\projects\soccerlgMSX2/out/soccerlg_s10_b3.rel
                                          [ soccerlg_s10_b3 ]
E:\Dropbox\FAUSTO\SVILUPPI\MSX\CODE\C\MSXgl\projects\soccerlgMSX2/out/soccerlg_s11_b3.rel
                                          [ soccerlg_s11_b3 ]
E:\Dropbox\FAUSTO\SVILUPPI\MSX\CODE\C\MSXgl\projects\soccerlgMSX2/out/soccerlg_s12_b3.rel
                                          [ soccerlg_s12_b3 ]
E:\Dropbox\FAUSTO\SVILUPPI\MSX\CODE\C\MSXgl\projects\soccerlgMSX2/out/soccerlg_s13_b3.rel
                                          [ soccerlg_s13_b3 ]
E:\Dropbox\FAUSTO\SVILUPPI\MSX\CODE\C\MSXgl\projects\soccerlgMSX2/out/soccerlg_s14_b3.rel
                                          [ soccerlg_s14_b3 ]
E:\Dropbox\FAUSTO\SVILUPPI\MSX\CODE\C\MSXgl\projects\soccerlgMSX2/out/soccerlg_s15_b3.rel
                                          [ soccerlg_s15_b3 ]
E:\Dropbox\FAUSTO\SVILUPPI\MSX\CODE\C\MSXgl\projects\soccerlgMSX2/out/soccerlg_s16_b3.rel
                                          [ soccerlg_s16_b3 ]
E:\Dropbox\FAUSTO\SVILUPPI\MSX\CODE\C\MSXgl\projects\soccerlgMSX2/out/soccerlg_s17_b3.rel
                                          [ soccerlg_s17_b3 ]
E:\Dropbox\FAUSTO\SVILUPPI\MSX\CODE\C\MSXgl\projects\soccerlgMSX2/out/soccerlg_s18_b3.rel
                                          [ soccerlg_s18_b3 ]
E:\Dropbox\FAUSTO\SVILUPPI\MSX\CODE\C\MSXgl\projects\soccerlgMSX2/out/soccerlg_s19_b3.rel
                                          [ soccerlg_s19_b3 ]
E:\Dropbox\FAUSTO\SVILUPPI\MSX\CODE\C\MSXgl\projects\soccerlgMSX2/out/soccerlg_s20_b3.rel
                                          [ soccerlg_s20_b3 ]
E:\Dropbox\FAUSTO\SVILUPPI\MSX\CODE\C\MSXgl\projects\soccerlgMSX2/out/soccerlg_s21_b3.rel
                                          [ soccerlg_s21_b3 ]
E:\Dropbox\FAUSTO\SVILUPPI\MSX\CODE\C\MSXgl\projects\soccerlgMSX2/out/soccerlg_s22_b3.rel
                                          [ soccerlg_s22_b3 ]
E:\Dropbox\FAUSTO\SVILUPPI\MSX\CODE\C\MSXgl\projects\soccerlgMSX2/out/soccerlg_s23_b3.rel
                                          [ soccerlg_s23_b3 ]
E:\Dropbox\FAUSTO\SVILUPPI\MSX\CODE\C\MSXgl\projects\soccerlgMSX2/out/soccerlg_s50_b3.rel
                                          [ soccerlg_s50_b3 ]
E:\Dropbox\FAUSTO\SVILUPPI\MSX\CODE\C\MSXgl\projects\soccerlgMSX2/out/soccerlg_s51_b3.rel
                                          [ soccerlg_s51_b3 ]
E:\Dropbox\FAUSTO\SVILUPPI\MSX\CODE\C\MSXgl\projects\soccerlgMSX2/out/soccerlg_s52_b3.rel
                                          [ soccerlg_s52_b3 ]
E:\Dropbox\FAUSTO\SVILUPPI\MSX\CODE\C\MSXgl\projects\soccerlgMSX2/out/soccerlg_s53_b3.rel
                                          [ soccerlg_s53_b3 ]
E:\Dropbox\FAUSTO\SVILUPPI\MSX\CODE\C\MSXgl\projects\soccerlgMSX2/out/soccerlg_s54_b3.rel
                                          [ soccerlg_s54_b3 ]
E:\Dropbox\FAUSTO\SVILUPPI\MSX\CODE\C\MSXgl\projects\soccerlgMSX2/out/soccerlg_s55_b3.rel
                                          [ soccerlg_s55_b3 ]
E:\Dropbox\FAUSTO\SVILUPPI\MSX\CODE\C\MSXgl\projects\soccerlgMSX2/out/soccerlg_s56_b3.rel
                                          [ soccerlg_s56_b3 ]
E:\Dropbox\FAUSTO\SVILUPPI\MSX\CODE\C\MSXgl\projects\soccerlgMSX2/out/soccerlg_s57_b3.rel
                                          [ soccerlg_s57_b3 ]
E:\Dropbox\FAUSTO\SVILUPPI\MSX\CODE\C\MSXgl\projects\soccerlgMSX2/out/soccerlg_s58_b3.rel
                                          [ soccerlg_s58_b3 ]
E:\Dropbox\FAUSTO\SVILUPPI\MSX\CODE\C\MSXgl\projects\soccerlgMSX2/out/soccerlg_s59_b3.rel
                                          [ soccerlg_s59_b3 ]
E:\Dropbox\FAUSTO\SVILUPPI\MSX\CODE\C\MSXgl\projects\soccerlgMSX2/out/soccerlg_s60_b3.rel
                                          [ soccerlg_s60_b3 ]
E:\Dropbox\FAUSTO\SVILUPPI\MSX\CODE\C\MSXgl\projects\soccerlgMSX2/out/soccerlg_s61_b3.rel
                                          [ soccerlg_s61_b3 ]
E:\Dropbox\FAUSTO\SVILUPPI\MSX\CODE\C\MSXgl\projects\soccerlgMSX2/out/soccerlg_s62_b3.rel
                                          [ soccerlg_s62_b3 ]
E:\Dropbox\FAUSTO\SVILUPPI\MSX\CODE\C\MSXgl\projects\soccerlgMSX2/out/soccerlg_s63_b3.rel
                                          [ soccerlg_s63_b3 ]
E:\Dropbox\FAUSTO\SVILUPPI\MSX\CODE\C\MSXgl\projects\soccerlgMSX2/out/soccerlg_s64_b3.rel
                                          [ soccerlg_s64_b3 ]
E:\Dropbox\FAUSTO\SVILUPPI\MSX\CODE\C\MSXgl\projects\soccerlgMSX2/out/soccerlg_s65_b3.rel
                                          [ soccerlg_s65_b3 ]
E:\Dropbox\FAUSTO\SVILUPPI\MSX\CODE\C\MSXgl\projects\soccerlgMSX2/out/soccerlg_s66_b3.rel
                                          [ soccerlg_s66_b3 ]
E:\Dropbox\FAUSTO\SVILUPPI\MSX\CODE\C\MSXgl\projects\soccerlgMSX2/out/soccerlg_s67_b3.rel
                                          [ soccerlg_s67_b3 ]
E:\Dropbox\FAUSTO\SVILUPPI\MSX\CODE\C\MSXgl\projects\soccerlgMSX2/out/soccerlg_s68_b3.rel
                                          [ soccerlg_s68_b3 ]
E:\Dropbox\FAUSTO\SVILUPPI\MSX\CODE\C\MSXgl\projects\soccerlgMSX2/out/soccerlg_s69_b3.rel
                                          [ soccerlg_s69_b3 ]
E:\Dropbox\FAUSTO\SVILUPPI\MSX\CODE\C\MSXgl\projects\soccerlgMSX2/out/soccerlg_s70_b3.rel
                                          [ soccerlg_s70_b3 ]
E:\Dropbox\FAUSTO\SVILUPPI\MSX\CODE\C\MSXgl\projects\soccerlgMSX2/out/soccerlg_s71_b3.rel
                                          [ soccerlg_s71_b3 ]
E:\Dropbox\FAUSTO\SVILUPPI\MSX\CODE\C\MSXgl\projects\soccerlgMSX2/out/soccerlg_s72_b3.rel
                                          [ soccerlg_s72_b3 ]
E:\Dropbox\FAUSTO\SVILUPPI\MSX\CODE\C\MSXgl\projects\soccerlgMSX2/out/soccerlg_s73_b3.rel
                                          [ soccerlg_s73_b3 ]
E:\Dropbox\FAUSTO\SVILUPPI\MSX\CODE\C\MSXgl\projects\soccerlgMSX2/out/soccerlg_s74_b3.rel
                                          [ soccerlg_s74_b3 ]
E:\Dropbox\FAUSTO\SVILUPPI\MSX\CODE\C\MSXgl\projects\soccerlgMSX2/out/soccerlg_s75_b3.rel
                                          [ soccerlg_s75_b3 ]
E:\Dropbox\FAUSTO\SVILUPPI\MSX\CODE\C\MSXgl\projects\soccerlgMSX2/out/soccerlg_s76_b3.rel
                                          [ soccerlg_s76_b3 ]
E:\Dropbox\FAUSTO\SVILUPPI\MSX\CODE\C\MSXgl\projects\soccerlgMSX2/out/soccerlg_s77_b3.rel
                                          [ soccerlg_s77_b3 ]
E:\Dropbox\FAUSTO\SVILUPPI\MSX\CODE\C\MSXgl\projects\soccerlgMSX2/out/soccerlg_s90_b3.rel
                                          [ soccerlg_s90_b3 ]
E:\Dropbox\FAUSTO\SVILUPPI\MSX\CODE\C\MSXgl\projects\soccerlgMSX2/out/soccerlg_s91_b3.rel
                                          [ soccerlg_s91_b3 ]
E:\Dropbox\FAUSTO\SVILUPPI\MSX\CODE\C\MSXgl\projects\soccerlgMSX2/out/soccerlg_s92_b3.rel
                                          [ soccerlg_s92_b3 ]
E:\Dropbox\FAUSTO\SVILUPPI\MSX\CODE\C\MSXgl\projects\soccerlgMSX2/out/soccerlg_s93_b3.rel
                                          [ soccerlg_s93_b3 ]
E:\Dropbox\FAUSTO\SVILUPPI\MSX\CODE\C\MSXgl\projects\soccerlgMSX2/out/soccerlg_s94_b3.rel
                                          [ soccerlg_s94_b3 ]
E:\Dropbox\FAUSTO\SVILUPPI\MSX\CODE\C\MSXgl\projects\soccerlgMSX2/out/soccerlg_s95_b3.rel
                                          [ soccerlg_s95_b3 ]
E:\Dropbox\FAUSTO\SVILUPPI\MSX\CODE\C\MSXgl\projects\soccerlgMSX2/out/soccerlg_s96_b3.rel
                                          [ soccerlg_s96_b3 ]
E:\Dropbox\FAUSTO\SVILUPPI\MSX\CODE\C\MSXgl\projects\soccerlgMSX2/out/soccerlg_s97_b3.rel
                                          [ soccerlg_s97_b3 ]
E:\Dropbox\FAUSTO\SVILUPPI\MSX\CODE\C\MSXgl\projects\soccerlgMSX2/out/soccerlg_s98_b3.rel
                                          [ soccerlg_s98_b3 ]
E:\Dropbox\FAUSTO\SVILUPPI\MSX\CODE\C\MSXgl\projects\soccerlgMSX2/out/soccerlg_s99_b3.rel
                                          [ soccerlg_s99_b3 ]
E:\Dropbox\FAUSTO\SVILUPPI\MSX\CODE\C\MSXgl\projects\soccerlgMSX2/out/soccerlg_s100_b3.rel
                                          [ soccerlg_s100_b3 ]
E:\Dropbox\FAUSTO\SVILUPPI\MSX\CODE\C\MSXgl\projects\soccerlgMSX2/out/soccerlg_s101_b3.rel
                                          [ soccerlg_s101_b3 ]
E:\Dropbox\FAUSTO\SVILUPPI\MSX\CODE\C\MSXgl\projects\soccerlgMSX2/out/soccerlg_s102_b3.rel
                                          [ soccerlg_s102_b3 ]
E:\Dropbox\FAUSTO\SVILUPPI\MSX\CODE\C\MSXgl\projects\soccerlgMSX2/out/soccerlg_s103_b3.rel
                                          [ soccerlg_s103_b3 ]
E:\Dropbox\FAUSTO\SVILUPPI\MSX\CODE\C\MSXgl\projects\soccerlgMSX2/out/soccerlg_s104_b3.rel
                                          [ soccerlg_s104_b3 ]
E:\Dropbox\FAUSTO\SVILUPPI\MSX\CODE\C\MSXgl\projects\soccerlgMSX2/out/soccerlg_s105_b3.rel
                                          [ soccerlg_s105_b3 ]


Libraries Linked                          [ object file ]

E:\Dropbox\FAUSTO\SVILUPPI\MSX\CODE\C\MSXgl\tools/sdcc/lib/z80/z80.lib
                                          [ divunsigned.rel ]
E:\Dropbox\FAUSTO\SVILUPPI\MSX\CODE\C\MSXgl\projects\soccerlgMSX2/out/msxgl.lib
                                          [ print.rel ]
E:\Dropbox\FAUSTO\SVILUPPI\MSX\CODE\C\MSXgl\projects\soccerlgMSX2/out/msxgl.lib
                                          [ vdp.rel ]
E:\Dropbox\FAUSTO\SVILUPPI\MSX\CODE\C\MSXgl\projects\soccerlgMSX2/out/msxgl.lib
                                          [ input.rel ]
E:\Dropbox\FAUSTO\SVILUPPI\MSX\CODE\C\MSXgl\tools/sdcc/lib/z80/z80.lib
                                          [ mul.rel ]
E:\Dropbox\FAUSTO\SVILUPPI\MSX\CODE\C\MSXgl\projects\soccerlgMSX2/out/msxgl.lib
                                          [ debug.rel ]
E:\Dropbox\FAUSTO\SVILUPPI\MSX\CODE\C\MSXgl\tools/sdcc/lib/z80/z80.lib
                                          [ __sdcc_call_hl.rel ]
E:\Dropbox\FAUSTO\SVILUPPI\MSX\CODE\C\MSXgl\projects\soccerlgMSX2/out/msxgl.lib
                                          [ bios.rel ]
E:\Dropbox\FAUSTO\SVILUPPI\MSX\CODE\C\MSXgl\tools/sdcc/lib/z80/z80.lib
                                          [ __sdcc_call_iy.rel ]
E:\Dropbox\FAUSTO\SVILUPPI\MSX\CODE\C\MSXgl\projects\soccerlgMSX2/out/msxgl.lib
                                          [ system.rel ]
E:\Dropbox\FAUSTO\SVILUPPI\MSX\CODE\C\MSXgl\tools/sdcc/lib/z80/z80.lib
                                          [ modsigned.rel ]
E:\Dropbox\FAUSTO\SVILUPPI\MSX\CODE\C\MSXgl\tools/sdcc/lib/z80/z80.lib
                                          [ modunsigned.rel ]
E:\Dropbox\FAUSTO\SVILUPPI\MSX\CODE\C\MSXgl\tools/sdcc/lib/z80/z80.lib
                                          [ divsigned.rel ]

ASxxxx Linker V03.00 + NoICE + sdld,  page 82.

User Base Address Definitions

_CODE = 0x4000
_DATA = 0xc000
_SEG4=0x0004A000
_SEG5=0x0005A000
_SEG6=0x0006A000
_SEG7=0x0007A000
_SEG8=0x0008A000
_SEG9=0x0009A000
_SEG10=0x000AA000
_SEG11=0x000BA000
_SEG12=0x000CA000
_SEG13=0x000DA000
_SEG14=0x000EA000
_SEG15=0x000FA000
_SEG16=0x0010A000
_SEG17=0x0011A000
_SEG18=0x0012A000
_SEG19=0x0013A000
_SEG20=0x0014A000
_SEG21=0x0015A000
_SEG22=0x0016A000
_SEG23=0x0017A000
_SEG50=0x0032A000
_SEG51=0x0033A000
_SEG52=0x0034A000
_SEG53=0x0035A000
_SEG54=0x0036A000
_SEG55=0x0037A000
_SEG56=0x0038A000
_SEG57=0x0039A000
_SEG58=0x003AA000
_SEG59=0x003BA000
_SEG60=0x003CA000
_SEG61=0x003DA000
_SEG62=0x003EA000
_SEG63=0x003FA000
_SEG64=0x0040A000
_SEG65=0x0041A000
_SEG66=0x0042A000
_SEG67=0x0043A000
_SEG68=0x0044A000
_SEG69=0x0045A000
_SEG70=0x0046A000
_SEG71=0x0047A000
_SEG72=0x0048A000
_SEG73=0x0049A000
_SEG74=0x004AA000
_SEG75=0x004BA000
_SEG76=0x004CA000
_SEG77=0x004DA000
_SEG90=0x005AA000
_SEG91=0x005BA000
_SEG92=0x005CA000
_SEG93=0x005DA000
_SEG94=0x005EA000
_SEG95=0x005FA000
_SEG96=0x0060A000
_SEG97=0x0061A000
_SEG98=0x0062A000
_SEG99=0x0063A000
_SEG100=0x0064A000
_SEG101=0x0065A000
_SEG102=0x0066A000
_SEG103=0x0067A000
_SEG104=0x0068A000
_SEG105=0x0069A000

